// Jest Snapshot v1, https://goo.gl/fbAQLP

exports[`<StringPage /> should render and match the snapshot 1`] = `
<div>
  <div
    class="LoadingIndicator__LoadingDiv-sc-8mhje4-0 ilyFRF"
  >
    <h2>
      Loading...
    </h2>
  </div>
</div>
`;
