// Jest Snapshot v1, https://goo.gl/fbAQLP

exports[`<NotFoundPage /> should render and match the snapshot 1`] = `
<h1>
  <span>
    No strings here! Best look elsewhere.
  </span>
</h1>
`;
