// Jest Snapshot v1, https://goo.gl/fbAQLP

exports[`<App /> should render and match the snapshot 1`] = `
<div>
  <NavBar />
  <ForwardRef>
    <Switch>
      <Route
        component={[Function]}
        exact={true}
        path="/"
      />
      <Route
        component={[Function]}
        exact={true}
        path="/add"
      />
      <Route
        component={[Function]}
      />
    </Switch>
  </ForwardRef>
  <GlobalStyleComponent />
</div>
`;
